metadata:
    version: v2
header:
    name: title
    version: 1.0.0
    date: ""
    toolVersion: ""
overallStatus: ERROR
statistics:
    counted-checks: 38
    counted-automated-checks: 32
    counted-manual-check: 6
    counted-unanswered-checks: 1
    counted-skipped-checks: 0
    degree-of-automation: 84.21
    degree-of-completion: 97.37
chapters:
    "1":
        status: GREEN
        requirements:
            "1":
                title: v2 should support the new autopilot interface
                text: The new autopilot interface should be supported
                status: GREEN
                checks:
                    "1":
                        title: Check if the new autopilot interface is supported
                        type: automation
                        autopilots:
                            - name: fully-fledged-v2
                              steps:
                                - title: fetch1
                                  id: fetch1
                                  depends: []
                                  logs:
                                    - 1_1_1
                                    - evidences/1_1_1/steps/fetch1/files
                                    - evidences/1_1_1/steps/fetch1/data.json
                                  configFiles: []
                                  outputDir: evidences/1_1_1/steps/fetch1/files
                                  resultFile: ""
                                  inputDirs: []
                                  exitCode: 0
                                - title: fetch2
                                  id: fetch2
                                  depends:
                                    - fetch1
                                  logs:
                                    - 1_1_1
                                    - evidences/1_1_1/steps/fetch2/files
                                    - evidences/1_1_1/steps/fetch2/data.json
                                    - evidences/1_1_1/steps/fetch1/files
                                  configFiles: []
                                  outputDir: evidences/1_1_1/steps/fetch2/files
                                  resultFile: ""
                                  inputDirs:
                                    - evidences/1_1_1/steps/fetch1/files
                                  exitCode: 0
                                - title: transform1
                                  id: transform1
                                  depends:
                                    - fetch2
                                  logs:
                                    - 1_1_1
                                    - evidences/1_1_1/steps/transform1/files
                                    - evidences/1_1_1/steps/transform1/data.json
                                    - fetch2.txt
                                  configFiles: []
                                  outputDir: evidences/1_1_1/steps/transform1/files
                                  resultFile: evidences/1_1_1/steps/transform1/data.json
                                  inputDirs:
                                    - evidences/1_1_1/steps/fetch2/files
                                  exitCode: 0
                                - title: transform2
                                  id: transform2
                                  depends:
                                    - fetch1
                                    - fetch2
                                  logs:
                                    - 1_1_1
                                    - evidences/1_1_1/steps/transform2/files
                                    - evidences/1_1_1/steps/transform2/data.json
                                    - Removing ' from evidences/1_1_1/steps/fetch1/files' to sanitize for ls
                                    - Reading from evidences/1_1_1/steps/fetch1/files
                                    - fetch1.txt
                                    - Removing ' from 'evidences/1_1_1/steps/fetch2/files to sanitize for ls
                                    - Reading from evidences/1_1_1/steps/fetch2/files
                                    - fetch2.txt
                                  configFiles: []
                                  outputDir: evidences/1_1_1/steps/transform2/files
                                  resultFile: evidences/1_1_1/steps/transform2/data.json
                                  inputDirs:
                                    - evidences/1_1_1/steps/fetch1/files
                                    - evidences/1_1_1/steps/fetch2/files
                                  exitCode: 0
                        evaluation:
                            status: GREEN
                            reason: This is a reason
                            results:
                                - criterion: I am a criterion
                                  fulfilled: false
                                  justification: I am the justification
                            logs:
                                - evidences/1_1_1/steps/transform1/data.json':'evidences/1_1_1/steps/transform2/data.json
                                - evidences/1_1_1/evaluation/result.json
                                - Removing ' from evidences/1_1_1/steps/transform1/data.json' to sanitize for cat
                                - Reading from evidences/1_1_1/steps/transform1/data.json
                                - result2
                                - Removing ' from 'evidences/1_1_1/steps/transform2/data.json to sanitize for cat
                                - Reading from evidences/1_1_1/steps/transform2/data.json
                                - result2
                                - '{"status": "GREEN"}'
                                - '{"reason": "This is a reason"}'
                                - '{"result": {"criterion": "I am a criterion", "fulfilled": false, "justification": "I am the justification"}}'
                            configFiles:
                                - additional-config.yaml
    "2":
        title: Manual Answers
        status: RED
        requirements:
            "1":
                title: GREEN answer
                status: GREEN
                checks:
                    "1":
                        title: GREEN answer check
                        type: manual
                        evaluation:
                            status: GREEN
                            reason: It should be GREEN
            "2":
                title: YELLOW answer
                status: YELLOW
                checks:
                    "1":
                        title: YELLOW answer check
                        type: manual
                        evaluation:
                            status: YELLOW
                            reason: It should be YELLOW
            "3":
                title: RED answer
                status: RED
                checks:
                    "1":
                        title: RED answer check
                        type: manual
                        evaluation:
                            status: RED
                            reason: It should be RED
            "4":
                title: NA answer
                status: NA
                checks:
                    "1":
                        title: NA answer check
                        type: manual
                        evaluation:
                            status: NA
                            reason: It should be NA
            "5":
                title: UNANSWERED answer
                status: UNANSWERED
                checks:
                    "1":
                        title: UNANSWERED answer check
                        type: manual
                        evaluation:
                            status: UNANSWERED
                            reason: It should be UNANSWERED
    "3":
        title: Base Interface
        status: ERROR
        requirements:
            "1":
                title: Base Interface has to be supported
                text: |
                    The base interface should be supported to retrieve the status from an autopilot
                    The base interface consists of the following properties:
                    - status
                    - reason
                status: ERROR
                checks:
                    1a:
                        title: Status GREEN should be supported
                        type: automation
                        autopilots:
                            - name: status-provider
                              steps: []
                        evaluation:
                            status: GREEN
                            reason: Some reason
                            results:
                                - criterion: I am a criterion
                                  fulfilled: false
                                  justification: I am the justification
                            logs:
                                - '{"status": "GREEN"}'
                                - '{"reason": "Some reason"}'
                                - '{"result": {"criterion": "I am a criterion", "fulfilled": false, "justification": "I am the justification"}}'
                    1b:
                        title: Status YELLOW should be supported
                        type: automation
                        autopilots:
                            - name: status-provider
                              steps: []
                        evaluation:
                            status: YELLOW
                            reason: Some reason
                            results:
                                - criterion: I am a criterion
                                  fulfilled: false
                                  justification: I am the justification
                            logs:
                                - '{"status": "YELLOW"}'
                                - '{"reason": "Some reason"}'
                                - '{"result": {"criterion": "I am a criterion", "fulfilled": false, "justification": "I am the justification"}}'
                    1c:
                        title: Status RED should be supported
                        type: automation
                        autopilots:
                            - name: status-provider
                              steps: []
                        evaluation:
                            status: RED
                            reason: Some reason
                            results:
                                - criterion: I am a criterion
                                  fulfilled: false
                                  justification: I am the justification
                            logs:
                                - '{"status": "RED"}'
                                - '{"reason": "Some reason"}'
                                - '{"result": {"criterion": "I am a criterion", "fulfilled": false, "justification": "I am the justification"}}'
                    1d:
                        title: If a status is not supported, it should be set to ERROR
                        type: automation
                        autopilots:
                            - name: status-provider
                              steps: []
                        evaluation:
                            status: ERROR
                            reason: 'autopilot ''status-provider'' provided an invalid ''status'': ''UNKNOWN'''
                            results:
                                - criterion: I am a criterion
                                  fulfilled: false
                                  justification: I am the justification
                            logs:
                                - '{"status": "UNKNOWN"}'
                                - '{"reason": "Some reason"}'
                                - '{"result": {"criterion": "I am a criterion", "fulfilled": false, "justification": "I am the justification"}}'
                    1e:
                        title: If a status is empty, it should be set to ERROR
                        type: automation
                        autopilots:
                            - name: status-provider
                              steps: []
                        evaluation:
                            status: ERROR
                            reason: 'autopilot ''status-provider'' provided an invalid ''status'': '''''
                            results:
                                - criterion: I am a criterion
                                  fulfilled: false
                                  justification: I am the justification
                            logs:
                                - '{"status": ""}'
                                - '{"reason": "Some reason"}'
                                - '{"result": {"criterion": "I am a criterion", "fulfilled": false, "justification": "I am the justification"}}'
                    "3":
                        title: Reason should be supported
                        type: automation
                        autopilots:
                            - name: reason-provider
                              steps: []
                        evaluation:
                            status: RED
                            reason: This is a reason
                            logs:
                                - '{"reason": "This is a reason"}'
                                - '{"status": "RED"}'
                    "6":
                        title: Findings should be supported
                        type: automation
                        autopilots:
                            - name: findings-interface
                              steps: []
                        evaluation:
                            status: GREEN
                            reason: This is a reason
                            results:
                                - criterion: I am a criterion
                                  fulfilled: false
                                  justification: I am the reason
                                - criterion: I am a criterion 2
                                  fulfilled: false
                                  justification: I am another reason
                                - criterion: I am a criterion 3
                                  fulfilled: false
                                  justification: I am yet another reason
                                  metadata:
                                    customer: "I am customer in metadata"
                                    package: "I am a package"
                                    severity: "I am a severity"
                            logs:
                                - '{"result": {"criterion": "I am a criterion", "fulfilled": false, "justification": "I am the reason"}}'
                                - '{"result": {"criterion": "I am a criterion 2", "fulfilled": false, "justification": "I am another reason"}}'
                                - '{"result": {"criterion": "I am a criterion 3", "fulfilled": false, "justification": "I am yet another reason", "metadata": {"customer": "I am customer in metadata", "package": "I am a package", "severity": "I am a severity"}}}'
                                - '{"status": "GREEN", "reason": "This is a reason"}'
                    "7":
                        title: Can provide handle escape characters in a string
                        type: automation
                        autopilots:
                            - name: escape-characters-autopilot
                              steps: []
                        evaluation:
                            status: RED
                            reason: ""
                            results:
                                - criterion: "criterion is \b \f \n \r \t \n \\ \" \\n"
                                  fulfilled: true
                                  justification: "reason is \b \f \n \r \t \n \\ \" \\n"
                            logs:
                                - '{"result": {"criterion": "criterion is \b \f \n \r \t \u000A \\ \" \\n", "fulfilled": true, "justification": "reason is \b \f \n \r \t \u000A \\ \" \\n"}}'
                                - '{"status": "RED"}'
                    "8":
                        title: Can provide handle new line characters in a string
                        type: automation
                        autopilots:
                            - name: new-line-autopilot
                              steps: []
                        evaluation:
                            status: GREEN
                            reason: |-
                                reas
                                on
                            results:
                                - criterion: |-
                                    crit
                                    erion
                                  fulfilled: true
                                  justification: |-
                                    reas
                                    on
                                  metadata:
                                    "cust\tomer": "cust\nomer metadata"
                            logs:
                                - '{"status": "GREEN"}'
                                - '{"reason": "reas\non"}'
                                - '{"result": {"criterion": "crit\nerion", "fulfilled": true, "justification": "reas\non", "metadata": {"cust\tomer": "cust\nomer metadata"}}}'
                    "9":
                        title: Can provide handle problematic yaml multilines
                        type: automation
                        autopilots:
                            - name: problematic-yaml-multilines-autopilot
                              steps: []
                        evaluation:
                            status: GREEN
                            reason: reason
                            results:
                                - criterion: criterion
                                  fulfilled: true
                                  justification: |-
                                    line1
                                     line2
                                    line3
                            logs:
                                - '{"status": "GREEN"}'
                                - '{"reason": "reason"}'
                                - '{"result": {"criterion": "criterion", "fulfilled": true, "justification": "  line1\n line2\nline3" }}'
    "4":
        title: Parameter Replacement
        status: ERROR
        requirements:
            "1":
                title: Should replace parameters in autopilots
                status: RED
                checks:
                    "1":
                        title: Replace environments
                        type: automation
                        autopilots:
                            - name: env-provider
                              steps: []
                        evaluation:
                            status: RED
                            reason: This is a reason
                            logs:
                                - global-env-1
                                - global-env-1
                                - global-env-2
                                - autopilot-ref-env-2
                                - autopilot-env-3
                                - autopilot-env-3
                                - '{"status": "RED", "reason": "This is a reason"}'
                    "2":
                        title: Replace secrets
                        type: automation
                        autopilots:
                            - name: secrets-provider
                              steps: []
                        evaluation:
                            status: RED
                            reason: This is a reason
                            logs:
                                - '***SECRET_2***'
                                - '***SECRET_3***'
                                - '{"status": "RED", "reason": "This is a reason"}'
                    "3":
                        title: Replace variables
                        type: automation
                        autopilots:
                            - name: vars-provider
                              steps: []
                        evaluation:
                            status: RED
                            reason: This is a reason
                            logs:
                                - var 2
                                - var 3
                                - new line
                                - some value
                                - '{"status": "RED", "reason": "This is a reason"}'
                            configFiles:
                                - ${{ env.MY_CONFIG }}
            "2":
                title: Should replace parameters in manual answers like here
                text: |
                    This is a
                    requirement text
                status: GREEN
                checks:
                    "1":
                        title: check for var replacement in manual answer
                        type: manual
                        evaluation:
                            status: GREEN
                            reason: manual reason
            "3":
                title: Should replace parameters in additional config
                status: ERROR
                checks:
                    "1":
                        title: Replace parameters in additional config
                        type: automation
                        autopilots:
                            - name: additional-config-provider
                              steps: []
                        evaluation:
                            status: ERROR
                            reason: autopilot 'additional-config-provider' exited with exit code 1
                            logs:
                                - '{"status": "RED", "reason": "This is a reason"}'
                                - This autopilot has an additional config
                            errorLogs:
                                - 'cat: /additional-config.yaml: No such file or directory'
                            configFiles:
                                - additional-config.yaml
                            exitCode: 1
            "4":
                title: Shoould use check environment variables in check title and config keys
                status: RED
                checks:
                    "1":
                        title: 'Check pdf '
                        type: automation
                        autopilots:
                            - name: vars-provider
                              steps: []
                        evaluation:
                            status: RED
                            reason: This is a reason
                            logs:
                                - var 2
                                - var 3
                                - new line
                                - some value
                                - '{"status": "RED", "reason": "This is a reason"}'
                            configFiles:
                                - config1.yaml
    "5":
        title: Should run checks in parallel
        status: ERROR
        requirements:
            "1":
                title: Should run checks in parallel
                text: |
                    Checks should be run in parallel and finish in less than the aggregated time of all checks
                status: ERROR
                checks:
                    1a:
                        title: Check 1
                        type: automation
                        autopilots:
                            - name: sleep-autopilot
                              steps: []
                        evaluation:
                            status: ERROR
                            reason: 'autopilot ''sleep-autopilot'' provided an invalid ''status'': '''''
                    1b:
                        title: Check 2
                        type: automation
                        autopilots:
                            - name: sleep-autopilot
                              steps: []
                        evaluation:
                            status: ERROR
                            reason: 'autopilot ''sleep-autopilot'' provided an invalid ''status'': '''''
                    1c:
                        title: Check 3
                        type: automation
                        autopilots:
                            - name: sleep-autopilot
                              steps: []
                        evaluation:
                            status: ERROR
                            reason: 'autopilot ''sleep-autopilot'' provided an invalid ''status'': '''''
                    1d:
                        title: Check 4
                        type: automation
                        autopilots:
                            - name: sleep-autopilot
                              steps: []
                        evaluation:
                            status: ERROR
                            reason: 'autopilot ''sleep-autopilot'' provided an invalid ''status'': '''''
                    1e:
                        title: Check 5
                        type: automation
                        autopilots:
                            - name: sleep-autopilot
                              steps: []
                        evaluation:
                            status: ERROR
                            reason: 'autopilot ''sleep-autopilot'' provided an invalid ''status'': '''''
                    1f:
                        title: Check 6
                        type: automation
                        autopilots:
                            - name: sleep-autopilot
                              steps: []
                        evaluation:
                            status: ERROR
                            reason: 'autopilot ''sleep-autopilot'' provided an invalid ''status'': '''''
                    1g:
                        title: Check 7
                        type: automation
                        autopilots:
                            - name: sleep-autopilot
                              steps: []
                        evaluation:
                            status: ERROR
                            reason: 'autopilot ''sleep-autopilot'' provided an invalid ''status'': '''''
                    1h:
                        title: Check 8
                        type: automation
                        autopilots:
                            - name: sleep-autopilot
                              steps: []
                        evaluation:
                            status: ERROR
                            reason: 'autopilot ''sleep-autopilot'' provided an invalid ''status'': '''''
                    1i:
                        title: Check 9
                        type: automation
                        autopilots:
                            - name: sleep-autopilot
                              steps: []
                        evaluation:
                            status: ERROR
                            reason: 'autopilot ''sleep-autopilot'' provided an invalid ''status'': '''''
                    1j:
                        title: Check 10
                        type: automation
                        autopilots:
                            - name: sleep-autopilot
                              steps: []
                        evaluation:
                            status: ERROR
                            reason: 'autopilot ''sleep-autopilot'' provided an invalid ''status'': '''''
    "6":
        title: Should hide secrets
        status: RED
        requirements:
            "1":
                title: Hide secrets in logs
                status: RED
                checks:
                    1a:
                        title: Check 1
                        type: automation
                        autopilots:
                            - name: secrets-provider
                              steps: []
                        evaluation:
                            status: RED
                            reason: This is a reason
                            logs:
                                - '***SECRET_2***'
                                - '***SECRET_3***'
                                - '{"status": "RED", "reason": "This is a reason"}'
    "7":
        title: Should use timeout
        status: ERROR
        requirements:
            "1":
                title: Timeout after 3 seconds
                status: ERROR
                checks:
                    "1":
                        title: Check 1
                        type: automation
                        autopilots:
                            - name: timeout-autopilot
                              steps: []
                        evaluation:
                            status: ERROR
                            reason: autopilot 'timeout-autopilot' timed out after 3s
                            logs:
                                - Hello 1!
                                - Hello 2!
                                - Hello 3!
                            errorLogs:
                                - Command timed out after 3s
                            exitCode: 124
    "8":
        title: File consistency
        status: ERROR
        requirements:
            "1":
                title: Should not allow to overwrite linked files
                status: ERROR
                checks:
                    "1":
                        title: Try to overwrite linked file
                        type: automation
                        autopilots:
                            - name: write-data-to-file
                              steps: []
                        evaluation:
                            status: ERROR
                            reason: 'autopilot ''write-data-to-file'' provided an invalid ''status'': '''''
                            logs:
                                - symlink.txt
    "9":
        title: Repositories and Apps
        status: GREEN
        requirements:
            "1":
                title: Should be able to run apps from a repository
                status: GREEN
                checks:
                    "1":
                        title: App can be specified with repository and version
                        type: automation
                        autopilots:
                            - name: repository-app-provider
                              steps: []
                        evaluation:
                            status: GREEN
                            reason: Repository apps was fetched
                            results:
                                - criterion: Repository apps can be fetched
                                  fulfilled: true
                                  justification: This app is a repository app
                            logs:
                                - '{"status": "GREEN"}'
                                - '{"reason": "Repository apps was fetched"}'
                                - '{"result": {"criterion": "Repository apps can be fetched", "fulfilled": true, "justification": "This app is a repository app"}}'
                    "2":
                        title: App can be specified without repository
                        type: automation
                        autopilots:
                            - name: app-provider
                              steps: []
                        evaluation:
                            status: GREEN
                            reason: Repository apps was fetched
                            results:
                                - criterion: Repository apps can be fetched
                                  fulfilled: true
                                  justification: This app is a repository app
                            logs:
                                - '{"status": "GREEN"}'
                                - '{"reason": "Repository apps was fetched"}'
                                - '{"result": {"criterion": "Repository apps can be fetched", "fulfilled": true, "justification": "This app is a repository app"}}'
    "10":
        title: Special Outputs
        status: RED
        requirements:
            "1":
                title: Should be able to handle special outputs
                status: RED
                checks:
                    "1":
                        title: Special output with metadata
                        type: automation
                        autopilots:
                            - name: special-output-provider
                              steps: []
                        evaluation:
                            status: RED
                            reason: test
                            results:
                                - criterion: FFixed RTC ticket with ID 1588653 must be risk assessed
                                  fulfilled: false
                                  justification: Please type the appropriate risk assessment for RTC Ticket with ID 1588653.
                                  metadata:
                                    Creation Date: "2022-11-08T09:51:00"
                                    Modified Date: "2023-06-09T14:05:00"
                                    Defect Occurrence: "Always"
                                    boolean: "true"
                                    test-json: "{\"key\":\"value\"}"
                                    Id: "1588653"
                                    Filed Against: "Platform_General"
                                    Summary: "[main] after EDLminidump SoC bootup stuck"
                            logs:
                                - '{"result": {"criterion": "FFixed RTC ticket with ID 1588653 must be risk assessed", "fulfilled": false, "justification": "Please type the appropriate risk assessment for RTC Ticket with ID 1588653.", "metadata": {"Id": 1588653, "Filed Against": "Platform_General", "Summary": "[main] after EDLminidump SoC bootup stuck", "Creation Date": "2022-11-08T09:51:00", "Modified Date": "2023-06-09T14:05:00", "Defect Occurrence": "Always", "boolean": true, "test-json": {"key": "value"}}}}'
                                - '{"status": "RED", "reason": "test"}'
finalize:
    logs:
        - global-env-1
        - global-env-1
        - '***SECRET_1***'
        - '***SECRET_1***'
        - var 1
        - var 1
        - qg-result.yaml exists
        - This finalizer has an additional config
        - 'env: finalizer-ref-additional-config-env'
        - 'var: additional config var'
        - 'secret: ${{ secrets.ADDITIONAL_CONFIG_SECRET }}'
    configFiles:
        - additional-config.yaml
    exitCode: 0
